../Core/Src/main.c:89:5:main	6
../Core/Src/main.c:154:6:SystemClock_Config	3
../Core/Src/main.c:193:13:MX_TIM3_Init	4
../Core/Src/main.c:238:13:MX_GPIO_Init	1
../Core/Src/main.c:303:6:HAL_GPIO_EXTI_Falling_Callback	4
../Core/Src/main.c:326:6:HAL_GPIO_EXTI_Rising_Callback	4
../Core/Src/main.c:349:6:HAL_TIM_PeriodElapsedCallback	6
../Core/Src/main.c:380:6:writeGPIO	26
../Core/Src/main.c:508:13:reassignLedIdx	6
../Core/Src/main.c:535:6:sparkling	52
../Core/Src/main.c:808:6:ledChaser	5
../Core/Src/main.c:851:6:alternating	9
../Core/Src/main.c:903:6:Error_Handler	1
