../Core/Src/main.c:89:5:main	8	static
../Core/Src/main.c:154:6:SystemClock_Config	64	static
../Core/Src/main.c:193:13:MX_TIM3_Init	40	static
../Core/Src/main.c:238:13:MX_GPIO_Init	48	static
../Core/Src/main.c:303:6:HAL_GPIO_EXTI_Falling_Callback	16	static
../Core/Src/main.c:326:6:HAL_GPIO_EXTI_Rising_Callback	16	static
../Core/Src/main.c:349:6:HAL_TIM_PeriodElapsedCallback	24	static
../Core/Src/main.c:380:6:writeGPIO	16	static
../Core/Src/main.c:508:13:reassignLedIdx	32	static
../Core/Src/main.c:535:6:sparkling	16	static
../Core/Src/main.c:808:6:ledChaser	24	static
../Core/Src/main.c:851:6:alternating	16	static
../Core/Src/main.c:903:6:Error_Handler	8	static,ignoring_inline_asm
