../Core/Src/main.c:86:5:main	16	static
../Core/Src/main.c:163:6:SystemClock_Config	64	static
../Core/Src/main.c:202:13:MX_TIM3_Init	40	static
../Core/Src/main.c:247:13:MX_GPIO_Init	48	static
../Core/Src/main.c:312:6:HAL_GPIO_EXTI_Falling_Callback	16	static
../Core/Src/main.c:335:6:HAL_GPIO_EXTI_Rising_Callback	16	static
../Core/Src/main.c:358:6:HAL_TIM_PeriodElapsedCallback	24	static
../Core/Src/main.c:389:6:writeGPIO	16	static
../Core/Src/main.c:516:6:alternating	16	static
../Core/Src/main.c:568:6:Error_Handler	8	static,ignoring_inline_asm
